// Vitest Snapshot v1, https://vitest.dev/guide/snapshot.html

exports[`matches snapshot 1`] = `
<DocumentFragment>
  <nav
    class="navbar navbar-expand navbar-light bg-dark"
    data-bs-theme="dark"
  >
    <div
      class="container-fluid"
    >
      <a
        class="navbar-brand"
        href="/"
      >
        BorrowCap
      </a>
      <button
        aria-controls="basic-navbar-nav"
        aria-label="Toggle navigation"
        class="navbar-toggler collapsed"
        type="button"
      >
        <span
          class="navbar-toggler-icon"
        />
      </button>
      <div
        class="navbar-collapse collapse"
        id="basic-navbar-nav"
      >
        <div
          class="ms-auto  navbar-nav"
        >
          <a
            class="nav-link"
            href="/user/profile"
          >
             
            <span>
              Profile
            </span>
             
          </a>
          <div
            class="nav-item dropdown"
          >
            <a
              aria-expanded="false"
              class="dropdown-toggle nav-link"
              href="#"
              id="nav-dropdown"
              role="button"
              tabindex="0"
            >
              <span>
                 
                <i
                  class="fs-6 bi-person"
                />
              </span>
            </a>
          </div>
        </div>
      </div>
    </div>
  </nav>
</DocumentFragment>
`;
