// Vitest Snapshot v1, https://vitest.dev/guide/snapshot.html

exports[`matches snapshot 1`] = `
<DocumentFragment>
  <div>
    <div>
      <div
        class="border mb-4"
      >
        <div
          class="py-2"
        >
          <span
            class="align-middle h5"
          >
            Approval Requests
          </span>
        </div>
        <div
          class=" mb-2 fst-italic fw-light"
        >
           
          <small>
            No approval requests.
          </small>
        </div>
      </div>
      <div
        class="border mb-4"
      >
        <div
          class="py-2"
        >
          <span
            class="align-middle h5"
          >
            Approved Requests
          </span>
        </div>
        <div
          class=" mb-2 fst-italic fw-light"
        >
           
          <small>
            No approved requests.
          </small>
        </div>
      </div>
    </div>
  </div>
</DocumentFragment>
`;
