// Vitest Snapshot v1, https://vitest.dev/guide/snapshot.html

exports[`matches snapshot 1`] = `
<DocumentFragment>
  <div
    class="form-wrapper"
  >
    <div
      class="form-inner"
    >
      <h3
        class="mb-4 text-center"
      >
        Login
      </h3>
      <form
        class=""
      >
        <div
          class="mb-3"
        >
          <label
            class="form-label"
            for="loginFormUsername"
          >
            Username
          </label>
          <input
            autocomplete="username"
            class="form-control"
            id="loginFormUsername"
            name="username"
            placeholder="Enter username"
            required=""
            type="text"
            value=""
          />
        </div>
        <div
          class="mb-3"
        >
          <label
            class="form-label"
            for="loginFormPassword"
          >
            Password
          </label>
          <input
            autocomplete="current-password"
            class="form-control"
            id="loginFormPassword"
            name="password"
            placeholder="Enter password"
            required=""
            type="password"
            value=""
          />
        </div>
        <div
          class="d-grid"
        >
          <button
            class="mt-4 btn-dark btn btn-primary"
            type="submit"
          >
            Submit
          </button>
        </div>
      </form>
    </div>
  </div>
</DocumentFragment>
`;
