// Vitest Snapshot v1, https://vitest.dev/guide/snapshot.html

exports[`matches snapshot 1`] = `
<DocumentFragment>
  <div
    class="LoadingSpinner"
  >
     Loading...
  </div>
</DocumentFragment>
`;
