// Vitest Snapshot v1, https://vitest.dev/guide/snapshot.html

exports[`matches snapshot 1`] = `
<DocumentFragment>
  <div
    class="form-wrapper"
  >
    <div
      class="form-inner"
    >
      <h3
        class="text-center mb-4"
      >
        Change Password
      </h3>
      <form
        class=""
      >
        <div
          class="mb-3"
        >
          <label
            class="form-label"
            for="oldPassword"
          >
            Current Password
          </label>
          <input
            class="form-control"
            id="oldPassword"
            name="currentPassword"
            placeholder="Enter current password"
            required=""
            type="password"
            value=""
          />
        </div>
        <div
          class="mb-3"
        >
          <label
            class="form-label"
            for="newPassword"
          >
            New Password
          </label>
          <input
            class="form-control"
            id="newPassword"
            name="newPassword"
            placeholder="Enter new password"
            required=""
            type="password"
            value=""
          />
        </div>
        <div
          class="mb-3"
        >
          <label
            class="form-label"
            for="newPasswordRetype"
          >
            Re-type Password
          </label>
          <input
            class="form-control"
            id="newPasswordRetype"
            name="newPasswordRetype"
            placeholder="Re-type password"
            required=""
            type="password"
            value=""
          />
        </div>
        <div
          class="d-grid"
        >
          <button
            class="mt-4 btn-dark btn btn-primary"
            type="submit"
          >
            Update
          </button>
        </div>
      </form>
    </div>
  </div>
</DocumentFragment>
`;
