// Vitest Snapshot v1, https://vitest.dev/guide/snapshot.html

exports[`matches snapshot 1`] = `
<DocumentFragment>
  <div
    class="mt-3 text-center"
  >
    <div>
      <small
        class="text-danger"
      />
    </div>
  </div>
</DocumentFragment>
`;
