// Vitest Snapshot v1, https://vitest.dev/guide/snapshot.html

exports[`matches snapshot 1`] = `
<DocumentFragment>
  <div
    class="form-wrapper"
  >
    <div
      class="form-inner"
    >
      <h3
        class="text-center mb-4"
      >
        Profile Update Form
      </h3>
      <form
        class=""
      >
        <div
          class="mb-3"
        >
          <label
            class="form-label"
            for="signupUsername"
          >
            Username
          </label>
          <input
            autocomplete="username"
            class="form-control"
            disabled=""
            id="signupUsername"
            name="username"
            placeholder="Enter username"
            required=""
            type="text"
            value="test"
          />
        </div>
        <div
          class="mb-3"
        >
          <label
            class="form-label"
            for="signupFirstName"
          >
            First Name
          </label>
          <input
            autocomplete="given-name"
            class="form-control"
            id="signupFirstName"
            name="firstName"
            required=""
            type="text"
            value=""
          />
        </div>
        <div
          class="mb-3"
        >
          <label
            class="form-label"
            for="signupLastName"
          >
            Last Name
          </label>
          <input
            autocomplete="family-name"
            class="form-control"
            id="signupLastName"
            name="lastName"
            required=""
            type="text"
            value=""
          />
        </div>
        <div
          class="mb-3"
        >
          <label
            class="form-label"
            for="signupEmail"
          >
            Email
          </label>
          <input
            autocomplete="email"
            class="form-control"
            id="signupEmail"
            name="email"
            required=""
            type="email"
            value=""
          />
        </div>
        <div
          class="mb-3"
        >
          <label
            class="form-label"
            for="signupAnnualIncome"
          >
            Annual Income
          </label>
          <input
            class="form-control"
            id="signupAnnualIncome"
            name="annualIncome"
            required=""
            type="number"
            value=""
          />
        </div>
        <div
          class="mb-3"
        >
          <label
            class="form-label"
            for="signupOtherMonthlyDebt"
          >
            Other Monthly Debt
          </label>
          <input
            class="form-control"
            id="signupOtherMonthlyDebt"
            name="otherMonthlyDebt"
            required=""
            type="number"
            value=""
          />
        </div>
        <div
          class="d-grid"
        >
          <button
            class="mt-4 btn-dark btn btn-primary"
            type="submit"
          >
            Update
          </button>
        </div>
      </form>
    </div>
  </div>
</DocumentFragment>
`;
