// Vitest Snapshot v1, https://vitest.dev/guide/snapshot.html

exports[`matches snapshot 1`] = `
<DocumentFragment>
  <div>
    <table
      class="table table table-striped table-borderless table-hover"
    >
      <thead>
        <tr
          class="align-middle"
        >
          <th>
            ID
          </th>
          <th>
            Amount
          </th>
        </tr>
      </thead>
      <tbody>
        <tr
          class="align-middle"
        >
          <td />
          <td />
        </tr>
        <tr
          class="align-middle"
        >
          <td />
          <td />
        </tr>
      </tbody>
    </table>
  </div>
</DocumentFragment>
`;
